
[34mÔòöÔòÉÔòÉÔòÉÔòÉÔòÉÔòÉÔòÉÔòÉÔòÉÔòÉÔòÉÔòÉÔòÉÔòÉÔòÉÔòÉÔòÉÔòÉÔòÉÔòÉÔòÉÔòÉÔòÉÔòÉÔòÉÔòÉÔòÉÔòÉÔòÉÔòÉÔòÉÔòÉÔòÉÔòÉÔòÉÔòÉÔòÉÔòÉÔòÉÔòÉÔòÉÔòÉÔòÉÔòÉÔòÉÔòÉÔòÉÔòÉÔòÉÔòÉÔòÉÔòÉÔòÉÔòÉÔòÉÔòÉÔòÉÔòÉÔòÉÔòÉÔòÉÔòÉÔòÉÔòÉÔòÉÔòÉÔòÉÔòÉÔòÉÔòÉÔòù[0m
[34mÔòæ  TESTE ABRANGENTE DE M├ìDIA - 100+ CEN├üRIOS PARA QUALQUER NEG├ôCIO    Ôòæ[0m
[34mÔòÜÔòÉÔòÉÔòÉÔòÉÔòÉÔòÉÔòÉÔòÉÔòÉÔòÉÔòÉÔòÉÔòÉÔòÉÔòÉÔòÉÔòÉÔòÉÔòÉÔòÉÔòÉÔòÉÔòÉÔòÉÔòÉÔòÉÔòÉÔòÉÔòÉÔòÉÔòÉÔòÉÔòÉÔòÉÔòÉÔòÉÔòÉÔòÉÔòÉÔòÉÔòÉÔòÉÔòÉÔòÉÔòÉÔòÉÔòÉÔòÉÔòÉÔòÉÔòÉÔòÉÔòÉÔòÉÔòÉÔòÉÔòÉÔòÉÔòÉÔòÉÔòÉÔòÉÔòÉÔòÉÔòÉÔòÉÔòÉÔòÉÔòÉÔòÉÔòØ[0m


[36m­ƒôª Configurando neg├│cio: Restaurante Sabor Caseiro[0m
­ƒöù [DB Pool] Nova conex├úo estabelecida
[MediaService] Created media CARDAPIO_COMPLETO for user 731f255c-7fcd-4af9-9431-142e0a0234a1
[MediaService] Created media FOTO_FEIJOADA for user 731f255c-7fcd-4af9-9431-142e0a0234a1
[MediaService] Created media AUDIO_PROMOCAO for user 731f255c-7fcd-4af9-9431-142e0a0234a1
[MediaService] Created media VIDEO_RESTAURANTE for user 731f255c-7fcd-4af9-9431-142e0a0234a1
   Ô£à 4 m├¡dias configuradas

[33mÔöüÔöüÔöüÔöüÔöüÔöüÔöüÔöüÔöüÔöüÔöüÔöüÔöüÔöüÔöüÔöüÔöüÔöüÔöüÔöüÔöüÔöüÔöüÔöüÔöüÔöüÔöüÔöüÔöüÔöüÔöüÔöüÔöüÔöüÔöüÔöüÔöüÔöüÔöüÔöüÔöüÔöüÔöüÔöüÔöüÔöüÔöüÔöüÔöüÔöüÔöüÔöüÔöüÔöüÔöüÔöüÔöüÔöüÔöüÔöüÔöüÔöü[0m
[33m  TESTANDO: Restaurante Sabor Caseiro (restaurante)[0m
[33mÔöüÔöüÔöüÔöüÔöüÔöüÔöüÔöüÔöüÔöüÔöüÔöüÔöüÔöüÔöüÔöüÔöüÔöüÔöüÔöüÔöüÔöüÔöüÔöüÔöüÔöüÔöüÔöüÔöüÔöüÔöüÔöüÔöüÔöüÔöüÔöüÔöüÔöüÔöüÔöüÔöüÔöüÔöüÔöüÔöüÔöüÔöüÔöüÔöüÔöüÔöüÔöüÔöüÔöüÔöüÔöüÔöüÔöüÔöüÔöüÔöüÔöü[0m
  Imagem - Cat├ílogo | Pede cat├ílogo diretamente... ­ƒôü [AI Agent] Found 4 media items for user 731f255c-7fcd-4af9-9431-142e0a0234a1
­ƒôØ [AI Agent] Using LEGACY system for user 731f255c-7fcd-4af9-9431-142e0a0234a1
­ƒñû [AI Agent] Config encontrado para user 731f255c-7fcd-4af9-9431-142e0a0234a1:
   Model: mistral-small-latest
   Active: true
   Trigger phrases: 0
   Prompt (primeiros 100 chars): Voc├¬ ├® a Ana, atendente virtual do Restaurante Sabor Caseiro.
Somos um restaurante de comida caseira...
­ƒôü [AI Agent] Added media block to legacy prompt (1969 chars)
­ƒôØ [AI Agent] Using legacy prompt (3149 chars)
­ƒôï [AI Agent] Enviando 0 mensagens de contexto (0 duplicatas removidas):
   1. [user] Manda o cat├ílogo... (NOVA MENSAGEM)
­ƒÄ» [AI Agent] Pergunta: 16 chars ÔåÆ maxTokens: 150 (config: 150, base: 150)
Ô£à [AI Agent] Resposta gerada: Claro! Vou te mandar o card├ípio completo. [ENVIAR_MIDIA:CARDAPIO_COMPLETO]...
­ƒôü [MediaService] Tag de m├¡dia detectada: CARDAPIO_COMPLETO
­ƒôü [AI Agent] Tags de m├¡dia detectadas: CARDAPIO_COMPLETO
[32mÔ£ô[0m
  Imagem - Cat├ílogo | Quer ver produtos... ­ƒôü [AI Agent] Found 4 media items for user 731f255c-7fcd-4af9-9431-142e0a0234a1
­ƒôØ [AI Agent] Using LEGACY system for user 731f255c-7fcd-4af9-9431-142e0a0234a1
­ƒñû [AI Agent] Config encontrado para user 731f255c-7fcd-4af9-9431-142e0a0234a1:
   Model: mistral-small-latest
   Active: true
   Trigger phrases: 0
   Prompt (primeiros 100 chars): Voc├¬ ├® a Ana, atendente virtual do Restaurante Sabor Caseiro.
Somos um restaurante de comida caseira...
­ƒôü [AI Agent] Added media block to legacy prompt (1969 chars)
­ƒôØ [AI Agent] Using legacy prompt (3149 chars)
­ƒôï [AI Agent] Enviando 0 mensagens de contexto (0 duplicatas removidas):
   1. [user] Quero ver os produtos... (NOVA MENSAGEM)
­ƒÄ» [AI Agent] Pergunta: 21 chars ÔåÆ maxTokens: 250 (config: 250, base: 250)
Ô£à [AI Agent] Resposta gerada: Claro! Vou te mandar o card├ípio completo com todos os pratos e pre├ºos. [ENVIAR_MIDIA:CARDAPIO_COMPLE...
­ƒôü [MediaService] Tag de m├¡dia detectada: CARDAPIO_COMPLETO
­ƒôü [AI Agent] Tags de m├¡dia detectadas: CARDAPIO_COMPLETO
[32mÔ£ô[0m
  Imagem - Cat├ílogo | Mostra o que tem... ­ƒôü [AI Agent] Found 4 media items for user 731f255c-7fcd-4af9-9431-142e0a0234a1
­ƒôØ [AI Agent] Using LEGACY system for user 731f255c-7fcd-4af9-9431-142e0a0234a1
­ƒñû [AI Agent] Config encontrado para user 731f255c-7fcd-4af9-9431-142e0a0234a1:
   Model: mistral-small-latest
   Active: true
   Trigger phrases: 0
   Prompt (primeiros 100 chars): Voc├¬ ├® a Ana, atendente virtual do Restaurante Sabor Caseiro.
Somos um restaurante de comida caseira...
­ƒôü [AI Agent] Added media block to legacy prompt (1969 chars)
­ƒôØ [AI Agent] Using legacy prompt (3149 chars)
­ƒôï [AI Agent] Enviando 0 mensagens de contexto (0 duplicatas removidas):
   1. [user] Me mostra o que voc├¬s tem... (NOVA MENSAGEM)
­ƒÄ» [AI Agent] Pergunta: 25 chars ÔåÆ maxTokens: 250 (config: 250, base: 250)
Ô£à [AI Agent] Resposta gerada: Claro! No Restaurante Sabor Caseiro, temos pratos executivos, marmitex e a famosa feijoada aos s├íbad...
­ƒôü [MediaService] Tag de m├¡dia detectada: CARDAPIO_COMPLETO
­ƒôü [AI Agent] Tags de m├¡dia detectadas: CARDAPIO_COMPLETO
[32mÔ£ô[0m
  Imagem - Cat├ílogo | Pede lista de pre├ºos... ­ƒôü [AI Agent] Found 4 media items for user 731f255c-7fcd-4af9-9431-142e0a0234a1
­ƒôØ [AI Agent] Using LEGACY system for user 731f255c-7fcd-4af9-9431-142e0a0234a1
­ƒñû [AI Agent] Config encontrado para user 731f255c-7fcd-4af9-9431-142e0a0234a1:
   Model: mistral-small-latest
   Active: true
   Trigger phrases: 0
   Prompt (primeiros 100 chars): Voc├¬ ├® a Ana, atendente virtual do Restaurante Sabor Caseiro.
Somos um restaurante de comida caseira...
­ƒôü [AI Agent] Added media block to legacy prompt (1969 chars)
­ƒôØ [AI Agent] Using legacy prompt (3149 chars)
­ƒôï [AI Agent] Enviando 0 mensagens de contexto (0 duplicatas removidas):
   1. [user] Tem lista de pre├ºos?... (NOVA MENSAGEM)
­ƒÄ» [AI Agent] Pergunta: 20 chars ÔåÆ maxTokens: 250 (config: 250, base: 250)
Ô£à [AI Agent] Resposta gerada: Sim, temos um card├ípio completo com todos os pratos e pre├ºos. Se quiser, posso te enviar. [ENVIAR_MI...
­ƒôü [MediaService] Tag de m├¡dia detectada: CARDAPIO_COMPLETO
­ƒôü [AI Agent] Tags de m├¡dia detectadas: CARDAPIO_COMPLETO
[32mÔ£ô[0m
  Imagem - Cat├ílogo | Tabela de valores... ­ƒôü [AI Agent] Found 4 media items for user 731f255c-7fcd-4af9-9431-142e0a0234a1
­ƒôØ [AI Agent] Using LEGACY system for user 731f255c-7fcd-4af9-9431-142e0a0234a1
­ƒñû [AI Agent] Config encontrado para user 731f255c-7fcd-4af9-9431-142e0a0234a1:
   Model: mistral-small-latest
   Active: true
   Trigger phrases: 0
   Prompt (primeiros 100 chars): Voc├¬ ├® a Ana, atendente virtual do Restaurante Sabor Caseiro.
Somos um restaurante de comida caseira...
­ƒôü [AI Agent] Added media block to legacy prompt (1969 chars)
­ƒôØ [AI Agent] Using legacy prompt (3149 chars)
­ƒôï [AI Agent] Enviando 0 mensagens de contexto (0 duplicatas removidas):
   1. [user] Manda a tabela de valores... (NOVA MENSAGEM)
­ƒÄ» [AI Agent] Pergunta: 25 chars ÔåÆ maxTokens: 250 (config: 250, base: 250)
Ô£à [AI Agent] Resposta gerada: Claro! Vou te mandar o card├ípio com os pre├ºos. [ENVIAR_MIDIA:CARDAPIO_COMPLETO]...
­ƒôü [MediaService] Tag de m├¡dia detectada: CARDAPIO_COMPLETO
­ƒôü [AI Agent] Tags de m├¡dia detectadas: CARDAPIO_COMPLETO
[32mÔ£ô[0m
  Imagem - Cat├ílogo | Card├ípio por favor... ­ƒôü [AI Agent] Found 4 media items for user 731f255c-7fcd-4af9-9431-142e0a0234a1
­ƒôØ [AI Agent] Using LEGACY system for user 731f255c-7fcd-4af9-9431-142e0a0234a1
­ƒñû [AI Agent] Config encontrado para user 731f255c-7fcd-4af9-9431-142e0a0234a1:
   Model: mistral-small-latest
   Active: true
   Trigger phrases: 0
   Prompt (primeiros 100 chars): Voc├¬ ├® a Ana, atendente virtual do Restaurante Sabor Caseiro.
Somos um restaurante de comida caseira...
­ƒôü [AI Agent] Added media block to legacy prompt (1969 chars)
­ƒôØ [AI Agent] Using legacy prompt (3149 chars)
­ƒôï [AI Agent] Enviando 0 mensagens de contexto (0 duplicatas removidas):
   1. [user] Manda o card├ípio por favor... (NOVA MENSAGEM)
­ƒÄ» [AI Agent] Pergunta: 26 chars ÔåÆ maxTokens: 250 (config: 250, base: 250)
Ô£à [AI Agent] Resposta gerada: Claro! Vou te mandar o card├ípio completo com todos os pratos e pre├ºos. [ENVIAR_MIDIA:CARDAPIO_COMPLE...
­ƒôü [MediaService] Tag de m├¡dia detectada: CARDAPIO_COMPLETO
­ƒôü [AI Agent] Tags de m├¡dia detectadas: CARDAPIO_COMPLETO
[32mÔ£ô[0m
  Imagem - Cat├ílogo | Quanto custa cada coisa... ­ƒôü [AI Agent] Found 4 media items for user 731f255c-7fcd-4af9-9431-142e0a0234a1
­ƒôØ [AI Agent] Using LEGACY system for user 731f255c-7fcd-4af9-9431-142e0a0234a1
­ƒñû [AI Agent] Config encontrado para user 731f255c-7fcd-4af9-9431-142e0a0234a1:
   Model: mistral-small-latest
   Active: true
   Trigger phrases: 0
   Prompt (primeiros 100 chars): Voc├¬ ├® a Ana, atendente virtual do Restaurante Sabor Caseiro.
Somos um restaurante de comida caseira...
­ƒôü [AI Agent] Added media block to legacy prompt (1969 chars)
­ƒôØ [AI Agent] Using legacy prompt (3149 chars)
­ƒôï [AI Agent] Enviando 0 mensagens de contexto (0 duplicatas removidas):
   1. [user] Quanto custa cada coisa? Me manda a tabela... (NOVA MENSAGEM)
­ƒÄ» [AI Agent] Pergunta: 42 chars ÔåÆ maxTokens: 250 (config: 250, base: 250)
Ô£à [AI Agent] Resposta gerada: No Restaurante Sabor Caseiro, temos marmitex a partir de R$18, pratos executivos a partir de R$35 e ...
­ƒôü [MediaService] Tag de m├¡dia detectada: CARDAPIO_COMPLETO
­ƒôü [AI Agent] Tags de m├¡dia detectadas: CARDAPIO_COMPLETO
[32mÔ£ô[0m
  Imagem - Fotos | Pede foto simples... ­ƒôü [AI Agent] Found 4 media items for user 731f255c-7fcd-4af9-9431-142e0a0234a1
­ƒôØ [AI Agent] Using LEGACY system for user 731f255c-7fcd-4af9-9431-142e0a0234a1
­ƒñû [AI Agent] Config encontrado para user 731f255c-7fcd-4af9-9431-142e0a0234a1:
   Model: mistral-small-latest
   Active: true
   Trigger phrases: 0
   Prompt (primeiros 100 chars): Voc├¬ ├® a Ana, atendente virtual do Restaurante Sabor Caseiro.
Somos um restaurante de comida caseira...
­ƒôü [AI Agent] Added media block to legacy prompt (1969 chars)
­ƒôØ [AI Agent] Using legacy prompt (3149 chars)
­ƒôï [AI Agent] Enviando 0 mensagens de contexto (0 duplicatas removidas):
   1. [user] Me manda uma foto... (NOVA MENSAGEM)
­ƒÄ» [AI Agent] Pergunta: 17 chars ÔåÆ maxTokens: 150 (config: 150, base: 150)
Ô£à [AI Agent] Resposta gerada: Claro! Vou te mandar uma foto do nosso card├ípio. [ENVIAR_MIDIA:CARDAPIO_COMPLETO]...
­ƒôü [MediaService] Tag de m├¡dia detectada: CARDAPIO_COMPLETO
­ƒôü [AI Agent] Tags de m├¡dia detectadas: CARDAPIO_COMPLETO
[32mÔ£ô[0m
  Imagem - Fotos | Tem foto?... ­ƒôü [AI Agent] Found 4 media items for user 731f255c-7fcd-4af9-9431-142e0a0234a1
­ƒôØ [AI Agent] Using LEGACY system for user 731f255c-7fcd-4af9-9431-142e0a0234a1
­ƒñû [AI Agent] Config encontrado para user 731f255c-7fcd-4af9-9431-142e0a0234a1:
   Model: mistral-small-latest
   Active: true
   Trigger phrases: 0
   Prompt (primeiros 100 chars): Voc├¬ ├® a Ana, atendente virtual do Restaurante Sabor Caseiro.
Somos um restaurante de comida caseira...
­ƒôü [AI Agent] Added media block to legacy prompt (1969 chars)
­ƒôØ [AI Agent] Using legacy prompt (3149 chars)
­ƒôï [AI Agent] Enviando 0 mensagens de contexto (0 duplicatas removidas):
   1. [user] Tem foto do produto?... (NOVA MENSAGEM)
­ƒÄ» [AI Agent] Pergunta: 20 chars ÔåÆ maxTokens: 250 (config: 250, base: 250)
Ô£à [AI Agent] Resposta gerada: Claro! Vou te mandar a foto da feijoada. [ENVIAR_MIDIA:FOTO_FEIJOADA]...
­ƒôü [MediaService] Tag de m├¡dia detectada: FOTO_FEIJOADA
­ƒôü [AI Agent] Tags de m├¡dia detectadas: FOTO_FEIJOADA
[32mÔ£ô[0m
  Imagem - Fotos | Quero ver imagem... ­ƒôü [AI Agent] Found 4 media items for user 731f255c-7fcd-4af9-9431-142e0a0234a1
­ƒôØ [AI Agent] Using LEGACY system for user 731f255c-7fcd-4af9-9431-142e0a0234a1
­ƒñû [AI Agent] Config encontrado para user 731f255c-7fcd-4af9-9431-142e0a0234a1:
   Model: mistral-small-latest
   Active: true
   Trigger phrases: 0
   Prompt (primeiros 100 chars): Voc├¬ ├® a Ana, atendente virtual do Restaurante Sabor Caseiro.
Somos um restaurante de comida caseira...
­ƒôü [AI Agent] Added media block to legacy prompt (1969 chars)
­ƒôØ [AI Agent] Using legacy prompt (3149 chars)
­ƒôï [AI Agent] Enviando 0 mensagens de contexto (0 duplicatas removidas):
   1. [user] Quero ver imagem... (NOVA MENSAGEM)
­ƒÄ» [AI Agent] Pergunta: 16 chars ÔåÆ maxTokens: 150 (config: 150, base: 150)
Ô£à [AI Agent] Resposta gerada: Claro! Vou te mandar o card├ípio completo com todos os pratos e pre├ºos. [ENVIAR_MIDIA:CARDAPIO_COMPLE...
­ƒôü [MediaService] Tag de m├¡dia detectada: CARDAPIO_COMPLETO
­ƒôü [AI Agent] Tags de m├¡dia detectadas: CARDAPIO_COMPLETO
[32mÔ£ô[0m
  Imagem - Fotos | Mostra foto do lugar... ­ƒôü [AI Agent] Found 4 media items for user 731f255c-7fcd-4af9-9431-142e0a0234a1
­ƒôØ [AI Agent] Using LEGACY system for user 731f255c-7fcd-4af9-9431-142e0a0234a1
­ƒñû [AI Agent] Config encontrado para user 731f255c-7fcd-4af9-9431-142e0a0234a1:
   Model: mistral-small-latest
   Active: true
   Trigger phrases: 0
   Prompt (primeiros 100 chars): Voc├¬ ├® a Ana, atendente virtual do Restaurante Sabor Caseiro.
Somos um restaurante de comida caseira...
­ƒôü [AI Agent] Added media block to legacy prompt (1969 chars)
­ƒôØ [AI Agent] Using legacy prompt (3149 chars)
­ƒôï [AI Agent] Enviando 0 mensagens de contexto (0 duplicatas removidas):
   1. [user] Mostra foto do lugar... (NOVA MENSAGEM)
­ƒÄ» [AI Agent] Pergunta: 20 chars ÔåÆ maxTokens: 250 (config: 250, base: 250)
Ô£à [AI Agent] Resposta gerada: Claro! Vou te mandar uma foto do nosso restaurante. [ENVIAR_MIDIA:FOTO_RESTAURANTE]...
­ƒôü [MediaService] Tag de m├¡dia detectada: FOTO_RESTAURANTE
­ƒôü [AI Agent] Tags de m├¡dia detectadas: FOTO_RESTAURANTE
[32mÔ£ô[0m
  Imagem - Fotos | D├í pra mandar foto?... ­ƒôü [AI Agent] Found 4 media items for user 731f255c-7fcd-4af9-9431-142e0a0234a1
­ƒôØ [AI Agent] Using LEGACY system for user 731f255c-7fcd-4af9-9431-142e0a0234a1
­ƒñû [AI Agent] Config encontrado para user 731f255c-7fcd-4af9-9431-142e0a0234a1:
   Model: mistral-small-latest
   Active: true
   Trigger phrases: 0
   Prompt (primeiros 100 chars): Voc├¬ ├® a Ana, atendente virtual do Restaurante Sabor Caseiro.
Somos um restaurante de comida caseira...
­ƒôü [AI Agent] Added media block to legacy prompt (1969 chars)
­ƒôØ [AI Agent] Using legacy prompt (3149 chars)
­ƒôï [AI Agent] Enviando 0 mensagens de contexto (0 duplicatas removidas):
   1. [user] D├í pra mandar foto?... (NOVA MENSAGEM)
­ƒÄ» [AI Agent] Pergunta: 19 chars ÔåÆ maxTokens: 150 (config: 150, base: 150)
Ô£à [AI Agent] Resposta gerada: Claro! O que voc├¬ gostaria de ver? Nosso card├ípio completo ou alguma foto espec├¡fica? [ENVIAR_MIDIA:...
­ƒôü [MediaService] Tag de m├¡dia detectada: CARDAPIO_COMPLETO
­ƒôü [AI Agent] Tags de m├¡dia detectadas: CARDAPIO_COMPLETO
[32mÔ£ô[0m
  Imagem - Fotos | Envia imagem do servi├ºo... ­ƒôü [AI Agent] Found 4 media items for user 731f255c-7fcd-4af9-9431-142e0a0234a1
­ƒôØ [AI Agent] Using LEGACY system for user 731f255c-7fcd-4af9-9431-142e0a0234a1
­ƒñû [AI Agent] Config encontrado para user 731f255c-7fcd-4af9-9431-142e0a0234a1:
   Model: mistral-small-latest
   Active: true
   Trigger phrases: 0
   Prompt (primeiros 100 chars): Voc├¬ ├® a Ana, atendente virtual do Restaurante Sabor Caseiro.
Somos um restaurante de comida caseira...
­ƒôü [AI Agent] Added media block to legacy prompt (1969 chars)
­ƒôØ [AI Agent] Using legacy prompt (3149 chars)
­ƒôï [AI Agent] Enviando 0 mensagens de contexto (0 duplicatas removidas):
   1. [user] Envia imagem do servi├ºo... (NOVA MENSAGEM)
­ƒÄ» [AI Agent] Pergunta: 23 chars ÔåÆ maxTokens: 250 (config: 250, base: 250)
Ô£à [AI Agent] Resposta gerada: Claro! Vou te mandar uma imagem do nosso card├ípio. [ENVIAR_MIDIA:CARDAPIO_COMPLETO]...
­ƒôü [MediaService] Tag de m├¡dia detectada: CARDAPIO_COMPLETO
­ƒôü [AI Agent] Tags de m├¡dia detectadas: CARDAPIO_COMPLETO
[32mÔ£ô[0m
  Imagem - Fotos | Posso ver uma foto?... ­ƒôü [AI Agent] Found 4 media items for user 731f255c-7fcd-4af9-9431-142e0a0234a1
­ƒôØ [AI Agent] Using LEGACY system for user 731f255c-7fcd-4af9-9431-142e0a0234a1
­ƒñû [AI Agent] Config encontrado para user 731f255c-7fcd-4af9-9431-142e0a0234a1:
   Model: mistral-small-latest
   Active: true
   Trigger phrases: 0
   Prompt (primeiros 100 chars): Voc├¬ ├® a Ana, atendente virtual do Restaurante Sabor Caseiro.
Somos um restaurante de comida caseira...
­ƒôü [AI Agent] Added media block to legacy prompt (1969 chars)
­ƒôØ [AI Agent] Using legacy prompt (3149 chars)
­ƒôï [AI Agent] Enviando 1 mensagens de contexto (0 duplicatas removidas):
   1. [user] Oi...
   2. [user] Posso ver uma foto?... (NOVA MENSAGEM)
­ƒÄ» [AI Agent] Pergunta: 19 chars ÔåÆ maxTokens: 150 (config: 150, base: 150)
Ô£à [AI Agent] Resposta gerada: Ol├í! Claro, posso te mostrar a foto da nossa feijoada especial de s├íbado. [ENVIAR_MIDIA:FOTO_FEIJOAD...
­ƒôü [MediaService] Tag de m├¡dia detectada: FOTO_FEIJOADA
­ƒôü [AI Agent] Tags de m├¡dia detectadas: FOTO_FEIJOADA
[32mÔ£ô[0m
  Imagem - Fotos | Manda prints... ­ƒôü [AI Agent] Found 4 media items for user 731f255c-7fcd-4af9-9431-142e0a0234a1
­ƒôØ [AI Agent] Using LEGACY system for user 731f255c-7fcd-4af9-9431-142e0a0234a1
­ƒñû [AI Agent] Config encontrado para user 731f255c-7fcd-4af9-9431-142e0a0234a1:
   Model: mistral-small-latest
   Active: true
   Trigger phrases: 0
   Prompt (primeiros 100 chars): Voc├¬ ├® a Ana, atendente virtual do Restaurante Sabor Caseiro.
Somos um restaurante de comida caseira...
­ƒôü [AI Agent] Added media block to legacy prompt (1969 chars)
­ƒôØ [AI Agent] Using legacy prompt (3149 chars)
­ƒôï [AI Agent] Enviando 0 mensagens de contexto (0 duplicatas removidas):
   1. [user] Manda uns prints pra eu ver... (NOVA MENSAGEM)
­ƒÄ» [AI Agent] Pergunta: 27 chars ÔåÆ maxTokens: 250 (config: 250, base: 250)
Ô£à [AI Agent] Resposta gerada: Claro! Vou te mandar o card├ípio completo com todas as op├º├Áes e pre├ºos. [ENVIAR_MIDIA:CARDAPIO_COMPLE...
­ƒôü [MediaService] Tag de m├¡dia detectada: CARDAPIO_COMPLETO
­ƒôü [AI Agent] Tags de m├¡dia detectadas: CARDAPIO_COMPLETO
[32mÔ£ô[0m
  ├üudio - Explica├º├úo | Pede ├íudio explica├º├úo... ­ƒôü [AI Agent] Found 4 media items for user 731f255c-7fcd-4af9-9431-142e0a0234a1
­ƒôØ [AI Agent] Using LEGACY system for user 731f255c-7fcd-4af9-9431-142e0a0234a1
­ƒñû [AI Agent] Config encontrado para user 731f255c-7fcd-4af9-9431-142e0a0234a1:
   Model: mistral-small-latest
   Active: true
   Trigger phrases: 0
   Prompt (primeiros 100 chars): Voc├¬ ├® a Ana, atendente virtual do Restaurante Sabor Caseiro.
Somos um restaurante de comida caseira...
­ƒôü [AI Agent] Added media block to legacy prompt (1969 chars)
­ƒôØ [AI Agent] Using legacy prompt (3149 chars)
­ƒôï [AI Agent] Enviando 0 mensagens de contexto (0 duplicatas removidas):
   1. [user] Me manda um ├íudio explicando... (NOVA MENSAGEM)
­ƒÄ» [AI Agent] Pergunta: 28 chars ÔåÆ maxTokens: 250 (config: 250, base: 250)
Ô£à [AI Agent] Resposta gerada: Claro! Vou te mandar um ├íudio explicando nossas promo├º├Áes. [ENVIAR_MIDIA:AUDIO_PROMOCAO]...
­ƒôü [MediaService] Tag de m├¡dia detectada: AUDIO_PROMOCAO
­ƒôü [AI Agent] Tags de m├¡dia detectadas: AUDIO_PROMOCAO
[32mÔ£ô[0m
  ├üudio - Explica├º├úo | Pode mandar ├íudio?... ­ƒôü [AI Agent] Found 4 media items for user 731f255c-7fcd-4af9-9431-142e0a0234a1
­ƒôØ [AI Agent] Using LEGACY system for user 731f255c-7fcd-4af9-9431-142e0a0234a1
­ƒñû [AI Agent] Config encontrado para user 731f255c-7fcd-4af9-9431-142e0a0234a1:
   Model: mistral-small-latest
   Active: true
   Trigger phrases: 0
   Prompt (primeiros 100 chars): Voc├¬ ├® a Ana, atendente virtual do Restaurante Sabor Caseiro.
Somos um restaurante de comida caseira...
­ƒôü [AI Agent] Added media block to legacy prompt (1969 chars)
­ƒôØ [AI Agent] Using legacy prompt (3149 chars)
­ƒôï [AI Agent] Enviando 0 mensagens de contexto (0 duplicatas removidas):
   1. [user] Pode mandar um ├íudio?... (NOVA MENSAGEM)
­ƒÄ» [AI Agent] Pergunta: 21 chars ÔåÆ maxTokens: 250 (config: 250, base: 250)
Ô£à [AI Agent] Resposta gerada: Claro! Vou te mandar um ├íudio com as promo├º├Áes da semana. [ENVIAR_MIDIA:AUDIO_PROMOCAO]...
­ƒôü [MediaService] Tag de m├¡dia detectada: AUDIO_PROMOCAO
­ƒôü [AI Agent] Tags de m├¡dia detectadas: AUDIO_PROMOCAO
[32mÔ£ô[0m
  ├üudio - Explica├º├úo | Prefiro ouvir... ­ƒôü [AI Agent] Found 4 media items for user 731f255c-7fcd-4af9-9431-142e0a0234a1
­ƒôØ [AI Agent] Using LEGACY system for user 731f255c-7fcd-4af9-9431-142e0a0234a1
­ƒñû [AI Agent] Config encontrado para user 731f255c-7fcd-4af9-9431-142e0a0234a1:
   Model: mistral-small-latest
   Active: true
   Trigger phrases: 0
   Prompt (primeiros 100 chars): Voc├¬ ├® a Ana, atendente virtual do Restaurante Sabor Caseiro.
Somos um restaurante de comida caseira...
­ƒôü [AI Agent] Added media block to legacy prompt (1969 chars)
­ƒôØ [AI Agent] Using legacy prompt (3149 chars)
­ƒôï [AI Agent] Enviando 0 mensagens de contexto (0 duplicatas removidas):
   1. [user] Prefiro ouvir, manda ├íudio... (NOVA MENSAGEM)
­ƒÄ» [AI Agent] Pergunta: 26 chars ÔåÆ maxTokens: 250 (config: 250, base: 250)
Ô£à [AI Agent] Resposta gerada: Claro! Vou te mandar um ├íudio com as promo├º├Áes da semana. [ENVIAR_MIDIA:AUDIO_PROMOCAO]...
­ƒôü [MediaService] Tag de m├¡dia detectada: AUDIO_PROMOCAO
­ƒôü [AI Agent] Tags de m├¡dia detectadas: AUDIO_PROMOCAO
[32mÔ£ô[0m
  ├üudio - Explica├º├úo | Grava um ├íudio... ­ƒôü [AI Agent] Found 4 media items for user 731f255c-7fcd-4af9-9431-142e0a0234a1
­ƒôØ [AI Agent] Using LEGACY system for user 731f255c-7fcd-4af9-9431-142e0a0234a1
­ƒñû [AI Agent] Config encontrado para user 731f255c-7fcd-4af9-9431-142e0a0234a1:
   Model: mistral-small-latest
   Active: true
   Trigger phrases: 0
   Prompt (primeiros 100 chars): Voc├¬ ├® a Ana, atendente virtual do Restaurante Sabor Caseiro.
Somos um restaurante de comida caseira...
­ƒôü [AI Agent] Added media block to legacy prompt (1969 chars)
­ƒôØ [AI Agent] Using legacy prompt (3149 chars)
­ƒôï [AI Agent] Enviando 0 mensagens de contexto (0 duplicatas removidas):
   1. [user] Grava um ├íudio pra mim... (NOVA MENSAGEM)
­ƒÄ» [AI Agent] Pergunta: 22 chars ÔåÆ maxTokens: 250 (config: 250, base: 250)
Ô£à [AI Agent] Resposta gerada: Claro! Vou te mandar um ├íudio com as promo├º├Áes da semana. [ENVIAR_MIDIA:AUDIO_PROMOCAO]...
­ƒôü [MediaService] Tag de m├¡dia detectada: AUDIO_PROMOCAO
­ƒôü [AI Agent] Tags de m├¡dia detectadas: AUDIO_PROMOCAO
[32mÔ£ô[0m
  ├üudio - Explica├º├úo | Explica por ├íudio... ­ƒôü [AI Agent] Found 4 media items for user 731f255c-7fcd-4af9-9431-142e0a0234a1
­ƒôØ [AI Agent] Using LEGACY system for user 731f255c-7fcd-4af9-9431-142e0a0234a1
­ƒñû [AI Agent] Config encontrado para user 731f255c-7fcd-4af9-9431-142e0a0234a1:
   Model: mistral-small-latest
   Active: true
   Trigger phrases: 0
   Prompt (primeiros 100 chars): Voc├¬ ├® a Ana, atendente virtual do Restaurante Sabor Caseiro.
Somos um restaurante de comida caseira...
­ƒôü [AI Agent] Added media block to legacy prompt (1969 chars)
­ƒôØ [AI Agent] Using legacy prompt (3149 chars)
­ƒôï [AI Agent] Enviando 0 mensagens de contexto (0 duplicatas removidas):
   1. [user] Explica isso por ├íudio... (NOVA MENSAGEM)
­ƒÄ» [AI Agent] Pergunta: 22 chars ÔåÆ maxTokens: 250 (config: 250, base: 250)
Ô£à [AI Agent] Resposta gerada: Claro! Vou gravar um ├íudio explicando. [ENVIAR_MIDIA:AUDIO_PROMOCAO]...
­ƒôü [MediaService] Tag de m├¡dia detectada: AUDIO_PROMOCAO
­ƒôü [AI Agent] Tags de m├¡dia detectadas: AUDIO_PROMOCAO
[32mÔ£ô[0m
  ├üudio - Explica├º├úo | Manda vocal... ­ƒôü [AI Agent] Found 4 media items for user 731f255c-7fcd-4af9-9431-142e0a0234a1
­ƒôØ [AI Agent] Using LEGACY system for user 731f255c-7fcd-4af9-9431-142e0a0234a1
­ƒñû [AI Agent] Config encontrado para user 731f255c-7fcd-4af9-9431-142e0a0234a1:
   Model: mistral-small-latest
   Active: true
   Trigger phrases: 0
   Prompt (primeiros 100 chars): Voc├¬ ├® a Ana, atendente virtual do Restaurante Sabor Caseiro.
Somos um restaurante de comida caseira...
­ƒôü [AI Agent] Added media block to legacy prompt (1969 chars)
­ƒôØ [AI Agent] Using legacy prompt (3149 chars)
­ƒôï [AI Agent] Enviando 0 mensagens de contexto (0 duplicatas removidas):
   1. [user] Manda um vocal... (NOVA MENSAGEM)
­ƒÄ» [AI Agent] Pergunta: 14 chars ÔåÆ maxTokens: 150 (config: 150, base: 150)
Ô£à [AI Agent] Resposta gerada: Claro! Vou te mandar um ├íudio com as promo├º├Áes da semana. [ENVIAR_MIDIA:AUDIO_PROMOCAO]...
­ƒôü [MediaService] Tag de m├¡dia detectada: AUDIO_PROMOCAO
­ƒôü [AI Agent] Tags de m├¡dia detectadas: AUDIO_PROMOCAO
[32mÔ£ô[0m
  V├¡deo - Demonstra├º├úo | Pede v├¡deo direto... ­ƒôü [AI Agent] Found 4 media items for user 731f255c-7fcd-4af9-9431-142e0a0234a1
­ƒôØ [AI Agent] Using LEGACY system for user 731f255c-7fcd-4af9-9431-142e0a0234a1
­ƒñû [AI Agent] Config encontrado para user 731f255c-7fcd-4af9-9431-142e0a0234a1:
   Model: mistral-small-latest
   Active: true
   Trigger phrases: 0
   Prompt (primeiros 100 chars): Voc├¬ ├® a Ana, atendente virtual do Restaurante Sabor Caseiro.
Somos um restaurante de comida caseira...
­ƒôü [AI Agent] Added media block to legacy prompt (1969 chars)
­ƒôØ [AI Agent] Using legacy prompt (3149 chars)
­ƒôï [AI Agent] Enviando 0 mensagens de contexto (0 duplicatas removidas):
   1. [user] Me manda um v├¡deo... (NOVA MENSAGEM)
­ƒÄ» [AI Agent] Pergunta: 17 chars ÔåÆ maxTokens: 150 (config: 150, base: 150)
Ô£à [AI Agent] Resposta gerada: Claro! Vou te mandar um v├¡deo do nosso restaurante. [ENVIAR_MIDIA:VIDEO_RESTAURANTE]...
­ƒôü [MediaService] Tag de m├¡dia detectada: VIDEO_RESTAURANTE
­ƒôü [AI Agent] Tags de m├¡dia detectadas: VIDEO_RESTAURANTE
[32mÔ£ô[0m
  V├¡deo - Demonstra├º├úo | Tem v├¡deo?... ­ƒôü [AI Agent] Found 4 media items for user 731f255c-7fcd-4af9-9431-142e0a0234a1
­ƒôØ [AI Agent] Using LEGACY system for user 731f255c-7fcd-4af9-9431-142e0a0234a1
­ƒñû [AI Agent] Config encontrado para user 731f255c-7fcd-4af9-9431-142e0a0234a1:
   Model: mistral-small-latest
   Active: true
   Trigger phrases: 0
   Prompt (primeiros 100 chars): Voc├¬ ├® a Ana, atendente virtual do Restaurante Sabor Caseiro.
Somos um restaurante de comida caseira...
­ƒôü [AI Agent] Added media block to legacy prompt (1969 chars)
­ƒôØ [AI Agent] Using legacy prompt (3149 chars)
­ƒôï [AI Agent] Enviando 0 mensagens de contexto (0 duplicatas removidas):
   1. [user] Tem v├¡deo mostrando?... (NOVA MENSAGEM)
­ƒÄ» [AI Agent] Pergunta: 20 chars ÔåÆ maxTokens: 250 (config: 250, base: 250)
Ô£à [AI Agent] Resposta gerada: Temos sim! Quero te mostrar como ├® o nosso restaurante. [ENVIAR_MIDIA:VIDEO_RESTAURANTE]...
­ƒôü [MediaService] Tag de m├¡dia detectada: VIDEO_RESTAURANTE
­ƒôü [AI Agent] Tags de m├¡dia detectadas: VIDEO_RESTAURANTE
[32mÔ£ô[0m
  V├¡deo - Demonstra├º├úo | Quero ver funcionando... ­ƒôü [AI Agent] Found 4 media items for user 731f255c-7fcd-4af9-9431-142e0a0234a1
­ƒôØ [AI Agent] Using LEGACY system for user 731f255c-7fcd-4af9-9431-142e0a0234a1
­ƒñû [AI Agent] Config encontrado para user 731f255c-7fcd-4af9-9431-142e0a0234a1:
   Model: mistral-small-latest
   Active: true
   Trigger phrases: 0
   Prompt (primeiros 100 chars): Voc├¬ ├® a Ana, atendente virtual do Restaurante Sabor Caseiro.
Somos um restaurante de comida caseira...
­ƒôü [AI Agent] Added media block to legacy prompt (1969 chars)
­ƒôØ [AI Agent] Using legacy prompt (3149 chars)
­ƒôï [AI Agent] Enviando 0 mensagens de contexto (0 duplicatas removidas):
   1. [user] Quero ver funcionando, tem v├¡deo?... (NOVA MENSAGEM)
­ƒÄ» [AI Agent] Pergunta: 33 chars ÔåÆ maxTokens: 250 (config: 250, base: 250)
Ô£à [AI Agent] Resposta gerada: Claro! Vamos te mostrar nosso restaurante. [ENVIAR_MIDIA:VIDEO_RESTAURANTE]...
­ƒôü [MediaService] Tag de m├¡dia detectada: VIDEO_RESTAURANTE
­ƒôü [AI Agent] Tags de m├¡dia detectadas: VIDEO_RESTAURANTE
[32mÔ£ô[0m
  V├¡deo - Demonstra├º├úo | Demonstra├º├úo em v├¡deo... ­ƒôü [AI Agent] Found 4 media items for user 731f255c-7fcd-4af9-9431-142e0a0234a1
­ƒôØ [AI Agent] Using LEGACY system for user 731f255c-7fcd-4af9-9431-142e0a0234a1
­ƒñû [AI Agent] Config encontrado para user 731f255c-7fcd-4af9-9431-142e0a0234a1:
   Model: mistral-small-latest
   Active: true
   Trigger phrases: 0
   Prompt (primeiros 100 chars): Voc├¬ ├® a Ana, atendente virtual do Restaurante Sabor Caseiro.
Somos um restaurante de comida caseira...
­ƒôü [AI Agent] Added media block to legacy prompt (1969 chars)
­ƒôØ [AI Agent] Using legacy prompt (3149 chars)
­ƒôï [AI Agent] Enviando 0 mensagens de contexto (0 duplicatas removidas):
   1. [user] Tem alguma demonstra├º├úo em v├¡deo?... (NOVA MENSAGEM)
­ƒÄ» [AI Agent] Pergunta: 33 chars ÔåÆ maxTokens: 250 (config: 250, base: 250)
Ô£à [AI Agent] Resposta gerada: Temos um v├¡deo mostrando o ambiente do nosso restaurante. Quer que eu envie? [ENVIAR_MIDIA:VIDEO_RES...
­ƒôü [MediaService] Tag de m├¡dia detectada: VIDEO_RESTAURANTE
­ƒôü [AI Agent] Tags de m├¡dia detectadas: VIDEO_RESTAURANTE
[32mÔ£ô[0m
  V├¡deo - Demonstra├º├úo | V├¡deo do espa├ºo... ­ƒôü [AI Agent] Found 4 media items for user 731f255c-7fcd-4af9-9431-142e0a0234a1
­ƒôØ [AI Agent] Using LEGACY system for user 731f255c-7fcd-4af9-9431-142e0a0234a1
­ƒñû [AI Agent] Config encontrado para user 731f255c-7fcd-4af9-9431-142e0a0234a1:
   Model: mistral-small-latest
   Active: true
   Trigger phrases: 0
   Prompt (primeiros 100 chars): Voc├¬ ├® a Ana, atendente virtual do Restaurante Sabor Caseiro.
Somos um restaurante de comida caseira...
­ƒôü [AI Agent] Added media block to legacy prompt (1969 chars)
­ƒôØ [AI Agent] Using legacy prompt (3149 chars)
­ƒôï [AI Agent] Enviando 0 mensagens de contexto (0 duplicatas removidas):
   1. [user] Manda um v├¡deo do espa├ºo... (NOVA MENSAGEM)
­ƒÄ» [AI Agent] Pergunta: 24 chars ÔåÆ maxTokens: 250 (config: 250, base: 250)
Ô£à [AI Agent] Resposta gerada: Claro! Vou te mostrar um v├¡deo do nosso restaurante. [ENVIAR_MIDIA:VIDEO_RESTAURANTE]...
­ƒôü [MediaService] Tag de m├¡dia detectada: VIDEO_RESTAURANTE
­ƒôü [AI Agent] Tags de m├¡dia detectadas: VIDEO_RESTAURANTE
[32mÔ£ô[0m
  V├¡deo - Demonstra├º├úo | Tour virtual... ­ƒôü [AI Agent] Found 4 media items for user 731f255c-7fcd-4af9-9431-142e0a0234a1
­ƒôØ [AI Agent] Using LEGACY system for user 731f255c-7fcd-4af9-9431-142e0a0234a1
­ƒñû [AI Agent] Config encontrado para user 731f255c-7fcd-4af9-9431-142e0a0234a1:
   Model: mistral-small-latest
   Active: true
   Trigger phrases: 0
   Prompt (primeiros 100 chars): Voc├¬ ├® a Ana, atendente virtual do Restaurante Sabor Caseiro.
Somos um restaurante de comida caseira...
­ƒôü [AI Agent] Added media block to legacy prompt (1969 chars)
­ƒôØ [AI Agent] Using legacy prompt (3149 chars)
­ƒôï [AI Agent] Enviando 0 mensagens de contexto (0 duplicatas removidas):
   1. [user] Tem tour virtual? V├¡deo?... (NOVA MENSAGEM)
­ƒÄ» [AI Agent] Pergunta: 24 chars ÔåÆ maxTokens: 250 (config: 250, base: 250)
Ô£à [AI Agent] Resposta gerada: Temos sim! Quero te mostrar o ambiente do Restaurante Sabor Caseiro. [ENVIAR_MIDIA:VIDEO_RESTAURANTE...
­ƒôü [MediaService] Tag de m├¡dia detectada: VIDEO_RESTAURANTE
­ƒôü [AI Agent] Tags de m├¡dia detectadas: VIDEO_RESTAURANTE
[32mÔ£ô[0m
  Documento - PDF | Pede PDF... ­ƒôü [AI Agent] Found 4 media items for user 731f255c-7fcd-4af9-9431-142e0a0234a1
­ƒôØ [AI Agent] Using LEGACY system for user 731f255c-7fcd-4af9-9431-142e0a0234a1
­ƒñû [AI Agent] Config encontrado para user 731f255c-7fcd-4af9-9431-142e0a0234a1:
   Model: mistral-small-latest
   Active: true
   Trigger phrases: 0
   Prompt (primeiros 100 chars): Voc├¬ ├® a Ana, atendente virtual do Restaurante Sabor Caseiro.
Somos um restaurante de comida caseira...
­ƒôü [AI Agent] Added media block to legacy prompt (1969 chars)
­ƒôØ [AI Agent] Using legacy prompt (3149 chars)
­ƒôï [AI Agent] Enviando 0 mensagens de contexto (0 duplicatas removidas):
   1. [user] Me manda o PDF... (NOVA MENSAGEM)
­ƒÄ» [AI Agent] Pergunta: 14 chars ÔåÆ maxTokens: 150 (config: 150, base: 150)
Ô£à [AI Agent] Resposta gerada: Claro! Vou te enviar o card├ípio completo. [ENVIAR_MIDIA:CARDAPIO_COMPLETO]...
­ƒôü [MediaService] Tag de m├¡dia detectada: CARDAPIO_COMPLETO
­ƒôü [AI Agent] Tags de m├¡dia detectadas: CARDAPIO_COMPLETO
[32mÔ£ô[0m
  Documento - PDF | Tem documento?... ­ƒôü [AI Agent] Found 4 media items for user 731f255c-7fcd-4af9-9431-142e0a0234a1
­ƒôØ [AI Agent] Using LEGACY system for user 731f255c-7fcd-4af9-9431-142e0a0234a1
­ƒñû [AI Agent] Config encontrado para user 731f255c-7fcd-4af9-9431-142e0a0234a1:
   Model: mistral-small-latest
   Active: true
   Trigger phrases: 0
   Prompt (primeiros 100 chars): Voc├¬ ├® a Ana, atendente virtual do Restaurante Sabor Caseiro.
Somos um restaurante de comida caseira...
­ƒôü [AI Agent] Added media block to legacy prompt (1969 chars)
­ƒôØ [AI Agent] Using legacy prompt (3149 chars)
­ƒôï [AI Agent] Enviando 0 mensagens de contexto (0 duplicatas removidas):
   1. [user] Tem documento com as informa├º├Áes?... (NOVA MENSAGEM)
­ƒÄ» [AI Agent] Pergunta: 33 chars ÔåÆ maxTokens: 250 (config: 250, base: 250)
Ô£à [AI Agent] Resposta gerada: Claro! Posso te enviar o card├ípio completo com todos os pratos e pre├ºos. [ENVIAR_MIDIA:CARDAPIO_COMP...
­ƒôü [MediaService] Tag de m├¡dia detectada: CARDAPIO_COMPLETO
­ƒôü [AI Agent] Tags de m├¡dia detectadas: CARDAPIO_COMPLETO
[32mÔ£ô[0m
  Documento - PDF | Contrato por escrito... ­ƒôü [AI Agent] Found 4 media items for user 731f255c-7fcd-4af9-9431-142e0a0234a1
­ƒôØ [AI Agent] Using LEGACY system for user 731f255c-7fcd-4af9-9431-142e0a0234a1
­ƒñû [AI Agent] Config encontrado para user 731f255c-7fcd-4af9-9431-142e0a0234a1:
   Model: mistral-small-latest
   Active: true
   Trigger phrases: 0
   Prompt (primeiros 100 chars): Voc├¬ ├® a Ana, atendente virtual do Restaurante Sabor Caseiro.
Somos um restaurante de comida caseira...
­ƒôü [AI Agent] Added media block to legacy prompt (1969 chars)
­ƒôØ [AI Agent] Using legacy prompt (3149 chars)
­ƒôï [AI Agent] Enviando 0 mensagens de contexto (0 duplicatas removidas):
   1. [user] Quero ver o contrato por escrito... (NOVA MENSAGEM)
­ƒÄ» [AI Agent] Pergunta: 32 chars ÔåÆ maxTokens: 250 (config: 250, base: 250)
Ô£à [AI Agent] Resposta gerada: Ol├í! No momento, n├úo temos um contrato por escrito dispon├¡vel. Posso ajudar com informa├º├Áes sobre no...
[31mÔ£ù[0m
    [31mEsperava m├¡dia mas n├úo veio. Resposta: "Ol├í! No momento, n├úo temos um contrato por escrito dispon├¡vel. Posso ajudar com ..."[0m
  Documento - PDF | Proposta formal... ­ƒôü [AI Agent] Found 4 media items for user 731f255c-7fcd-4af9-9431-142e0a0234a1
­ƒôØ [AI Agent] Using LEGACY system for user 731f255c-7fcd-4af9-9431-142e0a0234a1
­ƒñû [AI Agent] Config encontrado para user 731f255c-7fcd-4af9-9431-142e0a0234a1:
   Model: mistral-small-latest
   Active: true
   Trigger phrases: 0
   Prompt (primeiros 100 chars): Voc├¬ ├® a Ana, atendente virtual do Restaurante Sabor Caseiro.
Somos um restaurante de comida caseira...
­ƒôü [AI Agent] Added media block to legacy prompt (1969 chars)
­ƒôØ [AI Agent] Using legacy prompt (3149 chars)
­ƒôï [AI Agent] Enviando 0 mensagens de contexto (0 duplicatas removidas):
   1. [user] Pode mandar uma proposta formal?... (NOVA MENSAGEM)
­ƒÄ» [AI Agent] Pergunta: 32 chars ÔåÆ maxTokens: 250 (config: 250, base: 250)
Ô£à [AI Agent] Resposta gerada: Ol├í! Podemos te enviar uma proposta formal com os detalhes do que oferecemos. [ENVIAR_MIDIA:PROPOSTA...
­ƒôü [MediaService] Tag de m├¡dia detectada: PROPOSTA_FORMAL
­ƒôü [AI Agent] Tags de m├¡dia detectadas: PROPOSTA_FORMAL
[32mÔ£ô[0m
  Documento - PDF | Termos de uso... ­ƒôü [AI Agent] Found 4 media items for user 731f255c-7fcd-4af9-9431-142e0a0234a1
­ƒôØ [AI Agent] Using LEGACY system for user 731f255c-7fcd-4af9-9431-142e0a0234a1
­ƒñû [AI Agent] Config encontrado para user 731f255c-7fcd-4af9-9431-142e0a0234a1:
   Model: mistral-small-latest
   Active: true
   Trigger phrases: 0
   Prompt (primeiros 100 chars): Voc├¬ ├® a Ana, atendente virtual do Restaurante Sabor Caseiro.
Somos um restaurante de comida caseira...
­ƒôü [AI Agent] Added media block to legacy prompt (1969 chars)
­ƒôØ [AI Agent] Using legacy prompt (3149 chars)
­ƒôï [AI Agent] Enviando 0 mensagens de contexto (0 duplicatas removidas):
   1. [user] Manda os termos de uso... (NOVA MENSAGEM)
­ƒÄ» [AI Agent] Pergunta: 22 chars ÔåÆ maxTokens: 250 (config: 250, base: 250)
Ô£à [AI Agent] Resposta gerada: Ol├í! Sou a Ana, atendente virtual do Restaurante Sabor Caseiro. Infelizmente, n├úo tenho acesso aos t...
[31mÔ£ù[0m
    [31mEsperava m├¡dia mas n├úo veio. Resposta: "Ol├í! Sou a Ana, atendente virtual do Restaurante Sabor Caseiro. Infelizmente, n├ú..."[0m
  Documento - PDF | Documenta├º├úo... ­ƒôü [AI Agent] Found 4 media items for user 731f255c-7fcd-4af9-9431-142e0a0234a1
­ƒôØ [AI Agent] Using LEGACY system for user 731f255c-7fcd-4af9-9431-142e0a0234a1
­ƒñû [AI Agent] Config encontrado para user 731f255c-7fcd-4af9-9431-142e0a0234a1:
   Model: mistral-small-latest
   Active: true
   Trigger phrases: 0
   Prompt (primeiros 100 chars): Voc├¬ ├® a Ana, atendente virtual do Restaurante Sabor Caseiro.
Somos um restaurante de comida caseira...
­ƒôü [AI Agent] Added media block to legacy prompt (1969 chars)
­ƒôØ [AI Agent] Using legacy prompt (3149 chars)
­ƒôï [AI Agent] Enviando 0 mensagens de contexto (0 duplicatas removidas):
   1. [user] Preciso da documenta├º├úo... (NOVA MENSAGEM)
­ƒÄ» [AI Agent] Pergunta: 23 chars ÔåÆ maxTokens: 250 (config: 250, base: 250)
Ô£à [AI Agent] Resposta gerada: Ol├í! Poderia ser mais espec├¡fico sobre qual documenta├º├úo voc├¬ precisa? [ENVIAR_MIDIA:CARDAPIO_COMPLE...
­ƒôü [MediaService] Tag de m├¡dia detectada: CARDAPIO_COMPLETO
­ƒôü [AI Agent] Tags de m├¡dia detectadas: CARDAPIO_COMPLETO
[32mÔ£ô[0m
  Restaurante | Pede card├ípio... ­ƒôü [AI Agent] Found 4 media items for user 731f255c-7fcd-4af9-9431-142e0a0234a1
­ƒôØ [AI Agent] Using LEGACY system for user 731f255c-7fcd-4af9-9431-142e0a0234a1
­ƒñû [AI Agent] Config encontrado para user 731f255c-7fcd-4af9-9431-142e0a0234a1:
   Model: mistral-small-latest
   Active: true
   Trigger phrases: 0
   Prompt (primeiros 100 chars): Voc├¬ ├® a Ana, atendente virtual do Restaurante Sabor Caseiro.
Somos um restaurante de comida caseira...
­ƒôü [AI Agent] Added media block to legacy prompt (1969 chars)
­ƒôØ [AI Agent] Using legacy prompt (3149 chars)
­ƒôï [AI Agent] Enviando 0 mensagens de contexto (0 duplicatas removidas):
   1. [user] Qual ├® o card├ípio de hoje?... (NOVA MENSAGEM)
­ƒÄ» [AI Agent] Pergunta: 26 chars ÔåÆ maxTokens: 250 (config: 250, base: 250)
Ô£à [AI Agent] Resposta gerada: Ol├í! No Restaurante Sabor Caseiro, hoje temos pratos executivos e marmitex. Quer ver o card├ípio comp...
­ƒôü [MediaService] Tag de m├¡dia detectada: CARDAPIO_COMPLETO
­ƒôü [AI Agent] Tags de m├¡dia detectadas: CARDAPIO_COMPLETO
[32mÔ£ô[0m
  Restaurante | Quer ver pratos... ­ƒôü [AI Agent] Found 4 media items for user 731f255c-7fcd-4af9-9431-142e0a0234a1
­ƒôØ [AI Agent] Using LEGACY system for user 731f255c-7fcd-4af9-9431-142e0a0234a1
­ƒñû [AI Agent] Config encontrado para user 731f255c-7fcd-4af9-9431-142e0a0234a1:
   Model: mistral-small-latest
   Active: true
   Trigger phrases: 0
   Prompt (primeiros 100 chars): Voc├¬ ├® a Ana, atendente virtual do Restaurante Sabor Caseiro.
Somos um restaurante de comida caseira...
­ƒôü [AI Agent] Added media block to legacy prompt (1969 chars)
­ƒôØ [AI Agent] Using legacy prompt (3149 chars)
­ƒôï [AI Agent] Enviando 0 mensagens de contexto (0 duplicatas removidas):
   1. [user] Quero ver os pratos... (NOVA MENSAGEM)
­ƒÄ» [AI Agent] Pergunta: 19 chars ÔåÆ maxTokens: 150 (config: 150, base: 150)
Ô£à [AI Agent] Resposta gerada: Claro! Vou te mandar o card├ípio completo com todos os pratos e pre├ºos. [ENVIAR_MIDIA:CARDAPIO_COMPLE...
­ƒôü [MediaService] Tag de m├¡dia detectada: CARDAPIO_COMPLETO
­ƒôü [AI Agent] Tags de m├¡dia detectadas: CARDAPIO_COMPLETO
[32mÔ£ô[0m
  Restaurante | Foto da comida... ­ƒôü [AI Agent] Found 4 media items for user 731f255c-7fcd-4af9-9431-142e0a0234a1
­ƒôØ [AI Agent] Using LEGACY system for user 731f255c-7fcd-4af9-9431-142e0a0234a1
­ƒñû [AI Agent] Config encontrado para user 731f255c-7fcd-4af9-9431-142e0a0234a1:
   Model: mistral-small-latest
   Active: true
   Trigger phrases: 0
   Prompt (primeiros 100 chars): Voc├¬ ├® a Ana, atendente virtual do Restaurante Sabor Caseiro.
Somos um restaurante de comida caseira...
­ƒôü [AI Agent] Added media block to legacy prompt (1969 chars)
­ƒôØ [AI Agent] Using legacy prompt (3149 chars)
­ƒôï [AI Agent] Enviando 0 mensagens de contexto (0 duplicatas removidas):
   1. [user] Tem foto da comida?... (NOVA MENSAGEM)
­ƒÄ» [AI Agent] Pergunta: 19 chars ÔåÆ maxTokens: 150 (config: 150, base: 150)
Ô£à [AI Agent] Resposta gerada: Claro! Podemos te mostrar algumas fotos dos nossos pratos. Voc├¬ gostaria de ver a foto da nossa feij...
­ƒôü [MediaService] Tag de m├¡dia detectada: FOTO_FEIJOADA
­ƒôü [MediaService] Tag de m├¡dia detectada: CARDAPIO_COMPLETO
­ƒôü [AI Agent] Tags de m├¡dia detectadas: FOTO_FEIJOADA, CARDAPIO_COMPLETO
[32mÔ£ô[0m
  Sem M├¡dia | Sauda├º├úo simples... ­ƒôü [AI Agent] Found 4 media items for user 731f255c-7fcd-4af9-9431-142e0a0234a1
­ƒôØ [AI Agent] Using LEGACY system for user 731f255c-7fcd-4af9-9431-142e0a0234a1
­ƒñû [AI Agent] Config encontrado para user 731f255c-7fcd-4af9-9431-142e0a0234a1:
   Model: mistral-small-latest
   Active: true
   Trigger phrases: 0
   Prompt (primeiros 100 chars): Voc├¬ ├® a Ana, atendente virtual do Restaurante Sabor Caseiro.
Somos um restaurante de comida caseira...
­ƒôü [AI Agent] Added media block to legacy prompt (1969 chars)
­ƒôØ [AI Agent] Using legacy prompt (3149 chars)
­ƒôï [AI Agent] Enviando 0 mensagens de contexto (0 duplicatas removidas):
   1. [user] Oi... (NOVA MENSAGEM)
­ƒÄ» [AI Agent] Pergunta: 2 chars ÔåÆ maxTokens: 150 (config: 150, base: 150)
Ô£à [AI Agent] Resposta gerada: Oi! Sou a Ana, atendente virtual do Restaurante Sabor Caseiro. Como posso te ajudar hoje?...
[32mÔ£ô[0m
  Sem M├¡dia | Pergunta hor├írio... ­ƒôü [AI Agent] Found 4 media items for user 731f255c-7fcd-4af9-9431-142e0a0234a1
­ƒôØ [AI Agent] Using LEGACY system for user 731f255c-7fcd-4af9-9431-142e0a0234a1
­ƒñû [AI Agent] Config encontrado para user 731f255c-7fcd-4af9-9431-142e0a0234a1:
   Model: mistral-small-latest
   Active: true
   Trigger phrases: 0
   Prompt (primeiros 100 chars): Voc├¬ ├® a Ana, atendente virtual do Restaurante Sabor Caseiro.
Somos um restaurante de comida caseira...
­ƒôü [AI Agent] Added media block to legacy prompt (1969 chars)
­ƒôØ [AI Agent] Using legacy prompt (3149 chars)
­ƒôï [AI Agent] Enviando 0 mensagens de contexto (0 duplicatas removidas):
   1. [user] Qual o hor├írio de funcionamento?... (NOVA MENSAGEM)
­ƒÄ» [AI Agent] Pergunta: 32 chars ÔåÆ maxTokens: 250 (config: 250, base: 250)
Ô£à [AI Agent] Resposta gerada: O Restaurante Sabor Caseiro funciona de ter├ºa a domingo, das 11h ├ás 22h....
[32mÔ£ô[0m
  Sem M├¡dia | Pergunta localiza├º├úo... ­ƒôü [AI Agent] Found 4 media items for user 731f255c-7fcd-4af9-9431-142e0a0234a1
­ƒôØ [AI Agent] Using LEGACY system for user 731f255c-7fcd-4af9-9431-142e0a0234a1
­ƒñû [AI Agent] Config encontrado para user 731f255c-7fcd-4af9-9431-142e0a0234a1:
   Model: mistral-small-latest
   Active: true
   Trigger phrases: 0
   Prompt (primeiros 100 chars): Voc├¬ ├® a Ana, atendente virtual do Restaurante Sabor Caseiro.
Somos um restaurante de comida caseira...
­ƒôü [AI Agent] Added media block to legacy prompt (1969 chars)
­ƒôØ [AI Agent] Using legacy prompt (3149 chars)
­ƒôï [AI Agent] Enviando 0 mensagens de contexto (0 duplicatas removidas):
   1. [user] Onde fica voc├¬s?... (NOVA MENSAGEM)
­ƒÄ» [AI Agent] Pergunta: 16 chars ÔåÆ maxTokens: 150 (config: 150, base: 150)
Ô£à [AI Agent] Resposta gerada: N├│s estamos localizados na Rua da Culin├íria, 123, no bairro do Sabor, S├úo Paulo. Ficamos abertos de ...
[32mÔ£ô[0m
  Sem M├¡dia | Agradecimento... ­ƒôü [AI Agent] Found 4 media items for user 731f255c-7fcd-4af9-9431-142e0a0234a1
­ƒôØ [AI Agent] Using LEGACY system for user 731f255c-7fcd-4af9-9431-142e0a0234a1
­ƒñû [AI Agent] Config encontrado para user 731f255c-7fcd-4af9-9431-142e0a0234a1:
   Model: mistral-small-latest
   Active: true
   Trigger phrases: 0
   Prompt (primeiros 100 chars): Voc├¬ ├® a Ana, atendente virtual do Restaurante Sabor Caseiro.
Somos um restaurante de comida caseira...
­ƒôü [AI Agent] Added media block to legacy prompt (1969 chars)
­ƒôØ [AI Agent] Using legacy prompt (3149 chars)
­ƒôï [AI Agent] Enviando 0 mensagens de contexto (0 duplicatas removidas):
   1. [user] Obrigado pela informa├º├úo... (NOVA MENSAGEM)
­ƒÄ» [AI Agent] Pergunta: 24 chars ÔåÆ maxTokens: 250 (config: 250, base: 250)
Ô£à [AI Agent] Resposta gerada: Por nada! Se precisar de mais alguma coisa, ├® s├│ chamar....
[32mÔ£ô[0m
  Sem M├¡dia | Pergunta simples... ­ƒôü [AI Agent] Found 4 media items for user 731f255c-7fcd-4af9-9431-142e0a0234a1
­ƒôØ [AI Agent] Using LEGACY system for user 731f255c-7fcd-4af9-9431-142e0a0234a1
­ƒñû [AI Agent] Config encontrado para user 731f255c-7fcd-4af9-9431-142e0a0234a1:
   Model: mistral-small-latest
   Active: true
   Trigger phrases: 0
   Prompt (primeiros 100 chars): Voc├¬ ├® a Ana, atendente virtual do Restaurante Sabor Caseiro.
Somos um restaurante de comida caseira...
­ƒôü [AI Agent] Added media block to legacy prompt (1969 chars)
­ƒôØ [AI Agent] Using legacy prompt (3149 chars)
­ƒôï [AI Agent] Enviando 0 mensagens de contexto (0 duplicatas removidas):
   1. [user] Voc├¬s fazem entrega?... (NOVA MENSAGEM)
­ƒÄ» [AI Agent] Pergunta: 20 chars ÔåÆ maxTokens: 250 (config: 250, base: 250)
Ô£à [AI Agent] Resposta gerada: Sim, fazemos delivery! Estamos dispon├¡veis de ter├ºa a domingo, das 11h ├ás 22h. Quer saber mais sobre...
[32mÔ£ô[0m
  Sem M├¡dia | Confirma pedido... ­ƒôü [AI Agent] Found 4 media items for user 731f255c-7fcd-4af9-9431-142e0a0234a1
­ƒôØ [AI Agent] Using LEGACY system for user 731f255c-7fcd-4af9-9431-142e0a0234a1
­ƒñû [AI Agent] Config encontrado para user 731f255c-7fcd-4af9-9431-142e0a0234a1:
   Model: mistral-small-latest
   Active: true
   Trigger phrases: 0
   Prompt (primeiros 100 chars): Voc├¬ ├® a Ana, atendente virtual do Restaurante Sabor Caseiro.
Somos um restaurante de comida caseira...
­ƒôü [AI Agent] Added media block to legacy prompt (1969 chars)
­ƒôØ [AI Agent] Using legacy prompt (3149 chars)
­ƒôï [AI Agent] Enviando 0 mensagens de contexto (0 duplicatas removidas):
   1. [user] Ok, fechado ent├úo... (NOVA MENSAGEM)
­ƒÄ» [AI Agent] Pergunta: 17 chars ÔåÆ maxTokens: 150 (config: 150, base: 150)
Ô£à [AI Agent] Resposta gerada: ├ôtimo! Estamos ├á disposi├º├úo para qualquer d├║vida ou pedido....
[32mÔ£ô[0m
  Sem M├¡dia | D├║vida sem contexto visual... ­ƒôü [AI Agent] Found 4 media items for user 731f255c-7fcd-4af9-9431-142e0a0234a1
­ƒôØ [AI Agent] Using LEGACY system for user 731f255c-7fcd-4af9-9431-142e0a0234a1
­ƒñû [AI Agent] Config encontrado para user 731f255c-7fcd-4af9-9431-142e0a0234a1:
   Model: mistral-small-latest
   Active: true
   Trigger phrases: 0
   Prompt (primeiros 100 chars): Voc├¬ ├® a Ana, atendente virtual do Restaurante Sabor Caseiro.
Somos um restaurante de comida caseira...
­ƒôü [AI Agent] Added media block to legacy prompt (1969 chars)
­ƒôØ [AI Agent] Using legacy prompt (3149 chars)
­ƒôï [AI Agent] Enviando 0 mensagens de contexto (0 duplicatas removidas):
   1. [user] Como funciona o pagamento?... (NOVA MENSAGEM)
­ƒÄ» [AI Agent] Pergunta: 26 chars ÔåÆ maxTokens: 250 (config: 250, base: 250)
Ô£à [AI Agent] Resposta gerada: No Restaurante Sabor Caseiro, aceitamos pagamento em dinheiro, cart├úo de d├®bito, cr├®dito e PIX. Para...
[32mÔ£ô[0m
  Sem M├¡dia | Bom dia simples... ­ƒôü [AI Agent] Found 4 media items for user 731f255c-7fcd-4af9-9431-142e0a0234a1
­ƒôØ [AI Agent] Using LEGACY system for user 731f255c-7fcd-4af9-9431-142e0a0234a1
­ƒñû [AI Agent] Config encontrado para user 731f255c-7fcd-4af9-9431-142e0a0234a1:
   Model: mistral-small-latest
   Active: true
   Trigger phrases: 0
   Prompt (primeiros 100 chars): Voc├¬ ├® a Ana, atendente virtual do Restaurante Sabor Caseiro.
Somos um restaurante de comida caseira...
­ƒôü [AI Agent] Added media block to legacy prompt (1969 chars)
­ƒôØ [AI Agent] Using legacy prompt (3149 chars)
­ƒôï [AI Agent] Enviando 0 mensagens de contexto (0 duplicatas removidas):
   1. [user] Bom dia!... (NOVA MENSAGEM)
­ƒÄ» [AI Agent] Pergunta: 8 chars ÔåÆ maxTokens: 150 (config: 150, base: 150)
Ô£à [AI Agent] Resposta gerada: Bom dia! Sou a Ana, atendente virtual do Restaurante Sabor Caseiro. Como posso te ajudar hoje?...
[32mÔ£ô[0m
  Sem M├¡dia | Elogio... ­ƒôü [AI Agent] Found 4 media items for user 731f255c-7fcd-4af9-9431-142e0a0234a1
­ƒôØ [AI Agent] Using LEGACY system for user 731f255c-7fcd-4af9-9431-142e0a0234a1
­ƒñû [AI Agent] Config encontrado para user 731f255c-7fcd-4af9-9431-142e0a0234a1:
   Model: mistral-small-latest
   Active: true
   Trigger phrases: 0
   Prompt (primeiros 100 chars): Voc├¬ ├® a Ana, atendente virtual do Restaurante Sabor Caseiro.
Somos um restaurante de comida caseira...
­ƒôü [AI Agent] Added media block to legacy prompt (1969 chars)
­ƒôØ [AI Agent] Using legacy prompt (3149 chars)
­ƒôï [AI Agent] Enviando 0 mensagens de contexto (0 duplicatas removidas):
   1. [user] Voc├¬s s├úo muito bons!... (NOVA MENSAGEM)
­ƒÄ» [AI Agent] Pergunta: 21 chars ÔåÆ maxTokens: 250 (config: 250, base: 250)
Ô£à [AI Agent] Resposta gerada: Obrigado! Fico feliz que tenha gostado. Estou aqui para ajudar com qualquer d├║vida sobre o Restauran...
[32mÔ£ô[0m
  Sem M├¡dia | Reclama├º├úo... ­ƒôü [AI Agent] Found 4 media items for user 731f255c-7fcd-4af9-9431-142e0a0234a1
­ƒôØ [AI Agent] Using LEGACY system for user 731f255c-7fcd-4af9-9431-142e0a0234a1
­ƒñû [AI Agent] Config encontrado para user 731f255c-7fcd-4af9-9431-142e0a0234a1:
   Model: mistral-small-latest
   Active: true
   Trigger phrases: 0
   Prompt (primeiros 100 chars): Voc├¬ ├® a Ana, atendente virtual do Restaurante Sabor Caseiro.
Somos um restaurante de comida caseira...
­ƒôü [AI Agent] Added media block to legacy prompt (1969 chars)
­ƒôØ [AI Agent] Using legacy prompt (3149 chars)
­ƒôï [AI Agent] Enviando 0 mensagens de contexto (0 duplicatas removidas):
   1. [user] Estou tendo um problema... (NOVA MENSAGEM)
­ƒÄ» [AI Agent] Pergunta: 23 chars ÔåÆ maxTokens: 250 (config: 250, base: 250)
Ô£à [AI Agent] Resposta gerada: Sinto muito em saber disso. Como posso te ajudar?...
[32mÔ£ô[0m
  Contexto | Conversa ÔåÆ pede cat├ílogo... ­ƒôü [AI Agent] Found 4 media items for user 731f255c-7fcd-4af9-9431-142e0a0234a1
­ƒôØ [AI Agent] Using LEGACY system for user 731f255c-7fcd-4af9-9431-142e0a0234a1
­ƒñû [AI Agent] Config encontrado para user 731f255c-7fcd-4af9-9431-142e0a0234a1:
   Model: mistral-small-latest
   Active: true
   Trigger phrases: 0
   Prompt (primeiros 100 chars): Voc├¬ ├® a Ana, atendente virtual do Restaurante Sabor Caseiro.
Somos um restaurante de comida caseira...
­ƒôü [AI Agent] Added media block to legacy prompt (1969 chars)
­ƒôØ [AI Agent] Using legacy prompt (3149 chars)
­ƒôï [AI Agent] Enviando 2 mensagens de contexto (0 duplicatas removidas):
   1. [user] Oi...
   2. [user] Tudo bem?...
   3. [user] Quero conhecer os produtos. Tem cat├ílogo?... (NOVA MENSAGEM)
­ƒÄ» [AI Agent] Pergunta: 41 chars ÔåÆ maxTokens: 250 (config: 250, base: 250)
Ô£à [AI Agent] Resposta gerada: Oi! Tudo ├│timo, e com voc├¬?

Claro! Vou te mandar o cat├ílogo. [ENVIAR_MIDIA:CARDAPIO_COMPLETO]...
­ƒôü [MediaService] Tag de m├¡dia detectada: CARDAPIO_COMPLETO
­ƒôü [AI Agent] Tags de m├¡dia detectadas: CARDAPIO_COMPLETO
[32mÔ£ô[0m
  Contexto | Pergunta pre├ºo ÔåÆ pede tabela... ­ƒôü [AI Agent] Found 4 media items for user 731f255c-7fcd-4af9-9431-142e0a0234a1
­ƒôØ [AI Agent] Using LEGACY system for user 731f255c-7fcd-4af9-9431-142e0a0234a1
­ƒñû [AI Agent] Config encontrado para user 731f255c-7fcd-4af9-9431-142e0a0234a1:
   Model: mistral-small-latest
   Active: true
   Trigger phrases: 0
   Prompt (primeiros 100 chars): Voc├¬ ├® a Ana, atendente virtual do Restaurante Sabor Caseiro.
Somos um restaurante de comida caseira...
­ƒôü [AI Agent] Added media block to legacy prompt (1969 chars)
­ƒôØ [AI Agent] Using legacy prompt (3149 chars)
­ƒôï [AI Agent] Enviando 1 mensagens de contexto (0 duplicatas removidas):
   1. [user] Quanto custa?...
   2. [user] Melhor mandar a tabela completa... (NOVA MENSAGEM)
­ƒÄ» [AI Agent] Pergunta: 31 chars ÔåÆ maxTokens: 250 (config: 250, base: 250)
Ô£à [AI Agent] Resposta gerada: No Restaurante Sabor Caseiro, temos marmitex a partir de R$18, pratos executivos de R$35 a R$55 e a ...
­ƒôü [MediaService] Tag de m├¡dia detectada: CARDAPIO_COMPLETO
­ƒôü [AI Agent] Tags de m├¡dia detectadas: CARDAPIO_COMPLETO
[32mÔ£ô[0m
  Contexto | Interesse ÔåÆ quer ver... ­ƒôü [AI Agent] Found 4 media items for user 731f255c-7fcd-4af9-9431-142e0a0234a1
­ƒôØ [AI Agent] Using LEGACY system for user 731f255c-7fcd-4af9-9431-142e0a0234a1
­ƒñû [AI Agent] Config encontrado para user 731f255c-7fcd-4af9-9431-142e0a0234a1:
   Model: mistral-small-latest
   Active: true
   Trigger phrases: 0
   Prompt (primeiros 100 chars): Voc├¬ ├® a Ana, atendente virtual do Restaurante Sabor Caseiro.
Somos um restaurante de comida caseira...
­ƒôü [AI Agent] Added media block to legacy prompt (1969 chars)
­ƒôØ [AI Agent] Using legacy prompt (3149 chars)
­ƒôï [AI Agent] Enviando 1 mensagens de contexto (0 duplicatas removidas):
   1. [user] Tenho interesse no servi├ºo...
   2. [user] Pode me mostrar?... (NOVA MENSAGEM)
­ƒÄ» [AI Agent] Pergunta: 16 chars ÔåÆ maxTokens: 150 (config: 150, base: 150)
Ô£à [AI Agent] Resposta gerada: Claro! Podemos fazer delivery ou voc├¬ pode vir ao restaurante. Qual op├º├úo prefere? [ENVIAR_MIDIA:VID...
­ƒôü [MediaService] Tag de m├¡dia detectada: VIDEO_RESTAURANTE
­ƒôü [AI Agent] Tags de m├¡dia detectadas: VIDEO_RESTAURANTE
[32mÔ£ô[0m
  Contexto | D├║vida ÔåÆ pede ├íudio... ­ƒôü [AI Agent] Found 4 media items for user 731f255c-7fcd-4af9-9431-142e0a0234a1
­ƒôØ [AI Agent] Using LEGACY system for user 731f255c-7fcd-4af9-9431-142e0a0234a1
­ƒñû [AI Agent] Config encontrado para user 731f255c-7fcd-4af9-9431-142e0a0234a1:
   Model: mistral-small-latest
   Active: true
   Trigger phrases: 0
   Prompt (primeiros 100 chars): Voc├¬ ├® a Ana, atendente virtual do Restaurante Sabor Caseiro.
Somos um restaurante de comida caseira...
­ƒôü [AI Agent] Added media block to legacy prompt (1969 chars)
­ƒôØ [AI Agent] Using legacy prompt (3149 chars)
­ƒôï [AI Agent] Enviando 1 mensagens de contexto (0 duplicatas removidas):
   1. [user] N├úo entendi direito...
   2. [user] Me explica por ├íudio... (NOVA MENSAGEM)
­ƒÄ» [AI Agent] Pergunta: 20 chars ÔåÆ maxTokens: 250 (config: 250, base: 250)
Ô£à [AI Agent] Resposta gerada: Claro! Vou te explicar por ├íudio. [ENVIAR_MIDIA:AUDIO_PROMOCAO]...
­ƒôü [MediaService] Tag de m├¡dia detectada: AUDIO_PROMOCAO
­ƒôü [AI Agent] Tags de m├¡dia detectadas: AUDIO_PROMOCAO
[32mÔ£ô[0m
  Contexto | Negocia├º├úo ÔåÆ pede proposta... ­ƒôü [AI Agent] Found 4 media items for user 731f255c-7fcd-4af9-9431-142e0a0234a1
­ƒôØ [AI Agent] Using LEGACY system for user 731f255c-7fcd-4af9-9431-142e0a0234a1
­ƒñû [AI Agent] Config encontrado para user 731f255c-7fcd-4af9-9431-142e0a0234a1:
   Model: mistral-small-latest
   Active: true
   Trigger phrases: 0
   Prompt (primeiros 100 chars): Voc├¬ ├® a Ana, atendente virtual do Restaurante Sabor Caseiro.
Somos um restaurante de comida caseira...
­ƒôü [AI Agent] Added media block to legacy prompt (1969 chars)
­ƒôØ [AI Agent] Using legacy prompt (3149 chars)
­ƒôï [AI Agent] Enviando 1 mensagens de contexto (0 duplicatas removidas):
   1. [user] Gostei, vamos fechar...
   2. [user] Me manda a proposta... (NOVA MENSAGEM)
­ƒÄ» [AI Agent] Pergunta: 19 chars ÔåÆ maxTokens: 150 (config: 150, base: 150)
Ô£à [AI Agent] Resposta gerada: Claro! Vou te enviar a proposta. [ENVIAR_MIDIA:PROPOSTA_RESTAURANTE]...
­ƒôü [MediaService] Tag de m├¡dia detectada: PROPOSTA_RESTAURANTE
­ƒôü [AI Agent] Tags de m├¡dia detectadas: PROPOSTA_RESTAURANTE
[32mÔ£ô[0m
  Informal | M├│ interessado... ­ƒôü [AI Agent] Found 4 media items for user 731f255c-7fcd-4af9-9431-142e0a0234a1
­ƒôØ [AI Agent] Using LEGACY system for user 731f255c-7fcd-4af9-9431-142e0a0234a1
­ƒñû [AI Agent] Config encontrado para user 731f255c-7fcd-4af9-9431-142e0a0234a1:
   Model: mistral-small-latest
   Active: true
   Trigger phrases: 0
   Prompt (primeiros 100 chars): Voc├¬ ├® a Ana, atendente virtual do Restaurante Sabor Caseiro.
Somos um restaurante de comida caseira...
­ƒôü [AI Agent] Added media block to legacy prompt (1969 chars)
­ƒôØ [AI Agent] Using legacy prompt (3149 chars)
­ƒôï [AI Agent] Enviando 0 mensagens de contexto (0 duplicatas removidas):
   1. [user] M├│ interessado, bora ver os pre├ºo... (NOVA MENSAGEM)
­ƒÄ» [AI Agent] Pergunta: 33 chars ÔåÆ maxTokens: 250 (config: 250, base: 250)
Ô£à [AI Agent] Resposta gerada: Claro! Vou te mandar o card├ípio completo com os pre├ºos. [ENVIAR_MIDIA:CARDAPIO_COMPLETO]...
­ƒôü [MediaService] Tag de m├¡dia detectada: CARDAPIO_COMPLETO
­ƒôü [AI Agent] Tags de m├¡dia detectadas: CARDAPIO_COMPLETO
[32mÔ£ô[0m
  Informal | T├í quanto?... ­ƒôü [AI Agent] Found 4 media items for user 731f255c-7fcd-4af9-9431-142e0a0234a1
­ƒôØ [AI Agent] Using LEGACY system for user 731f255c-7fcd-4af9-9431-142e0a0234a1
­ƒñû [AI Agent] Config encontrado para user 731f255c-7fcd-4af9-9431-142e0a0234a1:
   Model: mistral-small-latest
   Active: true
   Trigger phrases: 0
   Prompt (primeiros 100 chars): Voc├¬ ├® a Ana, atendente virtual do Restaurante Sabor Caseiro.
Somos um restaurante de comida caseira...
­ƒôü [AI Agent] Added media block to legacy prompt (1969 chars)
­ƒôØ [AI Agent] Using legacy prompt (3149 chars)
­ƒôï [AI Agent] Enviando 0 mensagens de contexto (0 duplicatas removidas):
   1. [user] E a├¡, t├í quanto esse trem?... (NOVA MENSAGEM)
­ƒÄ» [AI Agent] Pergunta: 26 chars ÔåÆ maxTokens: 250 (config: 250, base: 250)
Ô£à [AI Agent] Resposta gerada: Oi! Voc├¬ est├í perguntando sobre o pre├ºo de algum prato espec├¡fico? Poderia me dizer qual voc├¬ gostar...
­ƒôü [MediaService] Tag de m├¡dia detectada: CARDAPIO_COMPLETO
­ƒôü [AI Agent] Tags de m├¡dia detectadas: CARDAPIO_COMPLETO
[32mÔ£ô[0m
  Informal | Manda a├¡... ­ƒôü [AI Agent] Found 4 media items for user 731f255c-7fcd-4af9-9431-142e0a0234a1
­ƒôØ [AI Agent] Using LEGACY system for user 731f255c-7fcd-4af9-9431-142e0a0234a1
­ƒñû [AI Agent] Config encontrado para user 731f255c-7fcd-4af9-9431-142e0a0234a1:
   Model: mistral-small-latest
   Active: true
   Trigger phrases: 0
   Prompt (primeiros 100 chars): Voc├¬ ├® a Ana, atendente virtual do Restaurante Sabor Caseiro.
Somos um restaurante de comida caseira...
­ƒôü [AI Agent] Added media block to legacy prompt (1969 chars)
­ƒôØ [AI Agent] Using legacy prompt (3149 chars)
­ƒôï [AI Agent] Enviando 0 mensagens de contexto (0 duplicatas removidas):
   1. [user] Manda a├¡ o cat├ílogo... (NOVA MENSAGEM)
­ƒÄ» [AI Agent] Pergunta: 19 chars ÔåÆ maxTokens: 150 (config: 150, base: 150)
Ô£à [AI Agent] Resposta gerada: Claro! Vou te mandar o card├ípio completo com todos os pratos e pre├ºos. [ENVIAR_MIDIA:CARDAPIO_COMPLE...
­ƒôü [MediaService] Tag de m├¡dia detectada: CARDAPIO_COMPLETO
­ƒôü [AI Agent] Tags de m├¡dia detectadas: CARDAPIO_COMPLETO
[32mÔ£ô[0m
  Informal | Quero ver os bagulho... ­ƒôü [AI Agent] Found 4 media items for user 731f255c-7fcd-4af9-9431-142e0a0234a1
­ƒôØ [AI Agent] Using LEGACY system for user 731f255c-7fcd-4af9-9431-142e0a0234a1
­ƒñû [AI Agent] Config encontrado para user 731f255c-7fcd-4af9-9431-142e0a0234a1:
   Model: mistral-small-latest
   Active: true
   Trigger phrases: 0
   Prompt (primeiros 100 chars): Voc├¬ ├® a Ana, atendente virtual do Restaurante Sabor Caseiro.
Somos um restaurante de comida caseira...
­ƒôü [AI Agent] Added media block to legacy prompt (1969 chars)
­ƒôØ [AI Agent] Using legacy prompt (3149 chars)
­ƒôï [AI Agent] Enviando 0 mensagens de contexto (0 duplicatas removidas):
   1. [user] Quero ver os bagulho... (NOVA MENSAGEM)
­ƒÄ» [AI Agent] Pergunta: 20 chars ÔåÆ maxTokens: 250 (config: 250, base: 250)
Ô£à [AI Agent] Resposta gerada: Claro! Quer ver o card├ípio completo ou alguma foto espec├¡fica? [ENVIAR_MIDIA:CARDAPIO_COMPLETO]...
­ƒôü [MediaService] Tag de m├¡dia detectada: CARDAPIO_COMPLETO
­ƒôü [AI Agent] Tags de m├¡dia detectadas: CARDAPIO_COMPLETO
[32mÔ£ô[0m
  Informal | Deixa eu ver... ­ƒôü [AI Agent] Found 4 media items for user 731f255c-7fcd-4af9-9431-142e0a0234a1
­ƒôØ [AI Agent] Using LEGACY system for user 731f255c-7fcd-4af9-9431-142e0a0234a1
­ƒñû [AI Agent] Config encontrado para user 731f255c-7fcd-4af9-9431-142e0a0234a1:
   Model: mistral-small-latest
   Active: true
   Trigger phrases: 0
   Prompt (primeiros 100 chars): Voc├¬ ├® a Ana, atendente virtual do Restaurante Sabor Caseiro.
Somos um restaurante de comida caseira...
­ƒôü [AI Agent] Added media block to legacy prompt (1969 chars)
­ƒôØ [AI Agent] Using legacy prompt (3149 chars)
­ƒôï [AI Agent] Enviando 0 mensagens de contexto (0 duplicatas removidas):
   1. [user] Deixa eu ver os produto... (NOVA MENSAGEM)
­ƒÄ» [AI Agent] Pergunta: 23 chars ÔåÆ maxTokens: 250 (config: 250, base: 250)
Ô£à [AI Agent] Resposta gerada: Claro! Vou te mandar o card├ípio completo com todos os pratos e pre├ºos. [ENVIAR_MIDIA:CARDAPIO_COMPLE...
­ƒôü [MediaService] Tag de m├¡dia detectada: CARDAPIO_COMPLETO
­ƒôü [AI Agent] Tags de m├¡dia detectadas: CARDAPIO_COMPLETO
[32mÔ£ô[0m
  Informal | Passa pra c├í... ­ƒôü [AI Agent] Found 4 media items for user 731f255c-7fcd-4af9-9431-142e0a0234a1
­ƒôØ [AI Agent] Using LEGACY system for user 731f255c-7fcd-4af9-9431-142e0a0234a1
­ƒñû [AI Agent] Config encontrado para user 731f255c-7fcd-4af9-9431-142e0a0234a1:
   Model: mistral-small-latest
   Active: true
   Trigger phrases: 0
   Prompt (primeiros 100 chars): Voc├¬ ├® a Ana, atendente virtual do Restaurante Sabor Caseiro.
Somos um restaurante de comida caseira...
­ƒôü [AI Agent] Added media block to legacy prompt (1969 chars)
­ƒôØ [AI Agent] Using legacy prompt (3149 chars)
­ƒôï [AI Agent] Enviando 0 mensagens de contexto (0 duplicatas removidas):
   1. [user] Passa o pre├ºo pra c├í... (NOVA MENSAGEM)
­ƒÄ» [AI Agent] Pergunta: 20 chars ÔåÆ maxTokens: 250 (config: 250, base: 250)
Ô£à [AI Agent] Resposta gerada: Claro! Nossos pratos variam entre R$35 e R$55, e o marmitex entre R$18 e R$25. Quer que eu mostre o ...
­ƒôü [MediaService] Tag de m├¡dia detectada: CARDAPIO_COMPLETO
­ƒôü [AI Agent] Tags de m├¡dia detectadas: CARDAPIO_COMPLETO
[32mÔ£ô[0m
  Amb├¡guo | Quero saber mais... ­ƒôü [AI Agent] Found 4 media items for user 731f255c-7fcd-4af9-9431-142e0a0234a1
­ƒôØ [AI Agent] Using LEGACY system for user 731f255c-7fcd-4af9-9431-142e0a0234a1
­ƒñû [AI Agent] Config encontrado para user 731f255c-7fcd-4af9-9431-142e0a0234a1:
   Model: mistral-small-latest
   Active: true
   Trigger phrases: 0
   Prompt (primeiros 100 chars): Voc├¬ ├® a Ana, atendente virtual do Restaurante Sabor Caseiro.
Somos um restaurante de comida caseira...
­ƒôü [AI Agent] Added media block to legacy prompt (1969 chars)
­ƒôØ [AI Agent] Using legacy prompt (3149 chars)
­ƒôï [AI Agent] Enviando 0 mensagens de contexto (0 duplicatas removidas):
   1. [user] Quero saber mais sobre voc├¬s... (NOVA MENSAGEM)
­ƒÄ» [AI Agent] Pergunta: 28 chars ÔåÆ maxTokens: 250 (config: 250, base: 250)
Ô£à [AI Agent] Resposta gerada: Oi! Sou a Ana, atendente virtual do Restaurante Sabor Caseiro. Somos especializados em comida caseir...
[32mÔ£ô[0m
  Amb├¡guo | Me fala tudo... ­ƒôü [AI Agent] Found 4 media items for user 731f255c-7fcd-4af9-9431-142e0a0234a1
­ƒôØ [AI Agent] Using LEGACY system for user 731f255c-7fcd-4af9-9431-142e0a0234a1
­ƒñû [AI Agent] Config encontrado para user 731f255c-7fcd-4af9-9431-142e0a0234a1:
   Model: mistral-small-latest
   Active: true
   Trigger phrases: 0
   Prompt (primeiros 100 chars): Voc├¬ ├® a Ana, atendente virtual do Restaurante Sabor Caseiro.
Somos um restaurante de comida caseira...
­ƒôü [AI Agent] Added media block to legacy prompt (1969 chars)
­ƒôØ [AI Agent] Using legacy prompt (3149 chars)
­ƒôï [AI Agent] Enviando 0 mensagens de contexto (0 duplicatas removidas):
   1. [user] Me fala tudo sobre o servi├ºo... (NOVA MENSAGEM)
­ƒÄ» [AI Agent] Pergunta: 28 chars ÔåÆ maxTokens: 250 (config: 250, base: 250)
Ô£à [AI Agent] Resposta gerada: Claro! No Restaurante Sabor Caseiro, oferecemos comida caseira brasileira de ter├ºa a domingo, das 11...
[32mÔ£ô[0m
  Amb├¡guo | Como ├® isso?... ­ƒôü [AI Agent] Found 4 media items for user 731f255c-7fcd-4af9-9431-142e0a0234a1
­ƒôØ [AI Agent] Using LEGACY system for user 731f255c-7fcd-4af9-9431-142e0a0234a1
­ƒñû [AI Agent] Config encontrado para user 731f255c-7fcd-4af9-9431-142e0a0234a1:
   Model: mistral-small-latest
   Active: true
   Trigger phrases: 0
   Prompt (primeiros 100 chars): Voc├¬ ├® a Ana, atendente virtual do Restaurante Sabor Caseiro.
Somos um restaurante de comida caseira...
­ƒôü [AI Agent] Added media block to legacy prompt (1969 chars)
­ƒôØ [AI Agent] Using legacy prompt (3149 chars)
­ƒôï [AI Agent] Enviando 0 mensagens de contexto (0 duplicatas removidas):
   1. [user] Como ├® isso?... (NOVA MENSAGEM)
­ƒÄ» [AI Agent] Pergunta: 12 chars ÔåÆ maxTokens: 150 (config: 150, base: 150)
Ô£à [AI Agent] Resposta gerada: Ol├í! Sou a Ana, atendente virtual do Restaurante Sabor Caseiro. Como posso te ajudar hoje?...
[32mÔ£ô[0m
  M├║ltiplo | Pede foto e pre├ºo... ­ƒôü [AI Agent] Found 4 media items for user 731f255c-7fcd-4af9-9431-142e0a0234a1
­ƒôØ [AI Agent] Using LEGACY system for user 731f255c-7fcd-4af9-9431-142e0a0234a1
­ƒñû [AI Agent] Config encontrado para user 731f255c-7fcd-4af9-9431-142e0a0234a1:
   Model: mistral-small-latest
   Active: true
   Trigger phrases: 0
   Prompt (primeiros 100 chars): Voc├¬ ├® a Ana, atendente virtual do Restaurante Sabor Caseiro.
Somos um restaurante de comida caseira...
­ƒôü [AI Agent] Added media block to legacy prompt (1969 chars)
­ƒôØ [AI Agent] Using legacy prompt (3149 chars)
­ƒôï [AI Agent] Enviando 0 mensagens de contexto (0 duplicatas removidas):
   1. [user] Manda foto e os pre├ºos... (NOVA MENSAGEM)
­ƒÄ» [AI Agent] Pergunta: 22 chars ÔåÆ maxTokens: 250 (config: 250, base: 250)
Ô£à [AI Agent] Resposta gerada: Claro! Vou te mandar o card├ípio completo com os pre├ºos. [ENVIAR_MIDIA:CARDAPIO_COMPLETO]...
­ƒôü [MediaService] Tag de m├¡dia detectada: CARDAPIO_COMPLETO
­ƒôü [AI Agent] Tags de m├¡dia detectadas: CARDAPIO_COMPLETO
[32mÔ£ô[0m
  M├║ltiplo | Cat├ílogo e v├¡deo... ­ƒôü [AI Agent] Found 4 media items for user 731f255c-7fcd-4af9-9431-142e0a0234a1
­ƒôØ [AI Agent] Using LEGACY system for user 731f255c-7fcd-4af9-9431-142e0a0234a1
­ƒñû [AI Agent] Config encontrado para user 731f255c-7fcd-4af9-9431-142e0a0234a1:
   Model: mistral-small-latest
   Active: true
   Trigger phrases: 0
   Prompt (primeiros 100 chars): Voc├¬ ├® a Ana, atendente virtual do Restaurante Sabor Caseiro.
Somos um restaurante de comida caseira...
­ƒôü [AI Agent] Added media block to legacy prompt (1969 chars)
­ƒôØ [AI Agent] Using legacy prompt (3149 chars)
­ƒôï [AI Agent] Enviando 0 mensagens de contexto (0 duplicatas removidas):
   1. [user] Tem cat├ílogo? E v├¡deo tamb├®m?... (NOVA MENSAGEM)
­ƒÄ» [AI Agent] Pergunta: 29 chars ÔåÆ maxTokens: 250 (config: 250, base: 250)
Ô£à [AI Agent] Resposta gerada: Claro! Vou te mandar o cat├ílogo com nosso card├ípio completo. [ENVIAR_MIDIA:CARDAPIO_COMPLETO]

E tam...
­ƒôü [MediaService] Tag de m├¡dia detectada: CARDAPIO_COMPLETO
­ƒôü [MediaService] Tag de m├¡dia detectada: VIDEO_RESTAURANTE
­ƒôü [AI Agent] Tags de m├¡dia detectadas: CARDAPIO_COMPLETO, VIDEO_RESTAURANTE
[32mÔ£ô[0m
  Edge | S├│ emojis... ­ƒôü [AI Agent] Found 4 media items for user 731f255c-7fcd-4af9-9431-142e0a0234a1
­ƒôØ [AI Agent] Using LEGACY system for user 731f255c-7fcd-4af9-9431-142e0a0234a1
­ƒñû [AI Agent] Config encontrado para user 731f255c-7fcd-4af9-9431-142e0a0234a1:
   Model: mistral-small-latest
   Active: true
   Trigger phrases: 0
   Prompt (primeiros 100 chars): Voc├¬ ├® a Ana, atendente virtual do Restaurante Sabor Caseiro.
Somos um restaurante de comida caseira...
­ƒôü [AI Agent] Added media block to legacy prompt (1969 chars)
­ƒôØ [AI Agent] Using legacy prompt (3149 chars)
­ƒôï [AI Agent] Enviando 0 mensagens de contexto (0 duplicatas removidas):
   1. [user] ­ƒæì... (NOVA MENSAGEM)
­ƒÄ» [AI Agent] Pergunta: 2 chars ÔåÆ maxTokens: 150 (config: 150, base: 150)
Ô£à [AI Agent] Resposta gerada: Oi! Tudo bem? Eu sou a Ana, atendente virtual do Restaurante Sabor Caseiro. Como posso te ajudar hoj...
[32mÔ£ô[0m
  Edge | Mensagem vazia-like... ­ƒôü [AI Agent] Found 4 media items for user 731f255c-7fcd-4af9-9431-142e0a0234a1
­ƒôØ [AI Agent] Using LEGACY system for user 731f255c-7fcd-4af9-9431-142e0a0234a1
­ƒñû [AI Agent] Config encontrado para user 731f255c-7fcd-4af9-9431-142e0a0234a1:
   Model: mistral-small-latest
   Active: true
   Trigger phrases: 0
   Prompt (primeiros 100 chars): Voc├¬ ├® a Ana, atendente virtual do Restaurante Sabor Caseiro.
Somos um restaurante de comida caseira...
­ƒôü [AI Agent] Added media block to legacy prompt (1969 chars)
­ƒôØ [AI Agent] Using legacy prompt (3149 chars)
­ƒôï [AI Agent] Enviando 0 mensagens de contexto (0 duplicatas removidas):
   1. [user] ...... (NOVA MENSAGEM)
­ƒÄ» [AI Agent] Pergunta: 3 chars ÔåÆ maxTokens: 150 (config: 150, base: 150)
Ô£à [AI Agent] Resposta gerada: Oi! Tudo bem? Sou a Ana, atendente virtual do Restaurante Sabor Caseiro. Como posso te ajudar hoje?...
[32mÔ£ô[0m
  Edge | S├│ pontua├º├úo... ­ƒôü [AI Agent] Found 4 media items for user 731f255c-7fcd-4af9-9431-142e0a0234a1
­ƒôØ [AI Agent] Using LEGACY system for user 731f255c-7fcd-4af9-9431-142e0a0234a1
­ƒñû [AI Agent] Config encontrado para user 731f255c-7fcd-4af9-9431-142e0a0234a1:
   Model: mistral-small-latest
   Active: true
   Trigger phrases: 0
   Prompt (primeiros 100 chars): Voc├¬ ├® a Ana, atendente virtual do Restaurante Sabor Caseiro.
Somos um restaurante de comida caseira...
­ƒôü [AI Agent] Added media block to legacy prompt (1969 chars)
­ƒôØ [AI Agent] Using legacy prompt (3149 chars)
­ƒôï [AI Agent] Enviando 0 mensagens de contexto (0 duplicatas removidas):
   1. [user] ???... (NOVA MENSAGEM)
­ƒÄ» [AI Agent] Pergunta: 3 chars ÔåÆ maxTokens: 150 (config: 150, base: 150)
Ô£à [AI Agent] Resposta gerada: Ol├í! Sou a Ana, atendente virtual do Restaurante Sabor Caseiro. Como posso te ajudar hoje?...
[32mÔ£ô[0m
